Starting DBFW Full Sync Script...

=== Processing Set: Awakened Pulse ===
Using Set ID: 98b17a0a-423b-4676-ad51-71ae00e55280
Downloading DBFW fb01 JSON data...
Found 163 cards in JSON.
[1/163] Processing FB01-001 - Son Goku...
[2/163] Processing FB01-001-p1 - Son Goku...
[3/163] Processing FB01-002 - Beerus...
[4/163] Processing FB01-002-p1 - Beerus...
[5/163] Processing FB01-003 - Vados...
[6/163] Processing FB01-004 - Whis...
[7/163] Processing FB01-005 - Master Roshi...
[8/163] Processing FB01-006 - Caulifla...
[9/163] Processing FB01-007 - Cabba...
[10/163] Processing FB01-008 - Krillin...
[11/163] Processing FB01-009 - Kale...
[12/163] Processing FB01-010 - Saonel...
[13/163] Processing FB01-011 - Champa...
[14/163] Processing FB01-012 - Shin...
[15/163] Processing FB01-013 - Android 17...
[16/163] Processing FB01-014 - Android 18...
[17/163] Processing FB01-015 - Son Goku...
[18/163] Processing FB01-015-p1 - Son Goku...
[19/163] Processing FB01-016 - Son Gohan : Adolescence...
[20/163] Processing FB01-017 - Great Priest...
[21/163] Processing FB01-018 - Tien Shinhan...
[22/163] Processing FB01-019 - Dr. Rota...
[23/163] Processing FB01-020 - Piccolo...
[24/163] Processing FB01-021 - Hit...
[25/163] Processing FB01-021-p1 - Hit...
[26/163] Processing FB01-022 - Pirina...
[27/163] Processing FB01-023 - Beerus...
[28/163] Processing FB01-023-p1 - Beerus...
[29/163] Processing FB01-024 - Frieza...
[30/163] Processing FB01-025 - Frost...
[31/163] Processing FB01-026 - Fuwa...
[32/163] Processing FB01-027 - Vegeta...
[33/163] Processing FB01-028 - Botamo...
[34/163] Processing FB01-029 - Magetta...
[35/163] Processing FB01-030 - Assemble, Representatives of Universe 7!...
[36/163] Processing FB01-031 - Strong Warriors of Universe 6...
[37/163] Processing FB01-032 - Tournament of Power Arena...
[38/163] Processing FB01-033 - Time-Skip...
[39/163] Processing FB01-034 - Mafuba...
[40/163] Processing FB01-035 - Goku Black...
[41/163] Processing FB01-035-p1 - Goku Black...
[42/163] Processing FB01-036 - Trunks : Future...
[43/163] Processing FB01-036-p1 - Trunks : Future...
[44/163] Processing FB01-037 - Goku Black...
[45/163] Processing FB01-038 - Goku Black...
[46/163] Processing FB01-039 - Goku Black...
[47/163] Processing FB01-039-p1 - Goku Black...
[48/163] Processing FB01-040 - Gowasu...
[49/163] Processing FB01-041 - Gowasu...
[50/163] Processing FB01-042 - Zamasu...
[51/163] Processing FB01-043 - Zamasu...
[52/163] Processing FB01-044 - Zamasu...
[53/163] Processing FB01-045 - Shu...
[54/163] Processing FB01-046 - Son Goku...
[55/163] Processing FB01-047 - Son Goku...
[56/163] Processing FB01-048 - Son Goku...
[57/163] Processing FB01-049 - Trunks : Future...
[58/163] Processing FB01-050 - Trunks : Future...
[59/163] Processing FB01-050-p1 - Trunks : Future...
[60/163] Processing FB01-051 - Trunks : Future...
[61/163] Processing FB01-052 - Trunks : Youth...
[62/163] Processing FB01-053 - Babarian...
[63/163] Processing FB01-054 - Haru/Maki...
[64/163] Processing FB01-055 - Pan...
[65/163] Processing FB01-056 - Pilaf...
[66/163] Processing FB01-057 - Bulma...
[67/163] Processing FB01-058 - Vegeta...
[68/163] Processing FB01-059 - Vegeta...
[69/163] Processing FB01-060 - Vegeta...
[70/163] Processing FB01-061 - Mai : Future...
[71/163] Processing FB01-062 - Mai : Future...
[72/163] Processing FB01-062-p1 - Mai : Future...
[73/163] Processing FB01-063 - Yajirobe : Future...
[74/163] Processing FB01-064 - Blade of Despair...
[75/163] Processing FB01-065 - Time Machine...
[76/163] Processing FB01-066 - Final Hope Slash...
[77/163] Processing FB01-067 - Black Kamehameha...
[78/163] Processing FB01-068 - Sinister Sickle...
[79/163] Processing FB01-069 - Sinister Shadows...
[80/163] Processing FB01-070 - Android 17/Android 18...
[81/163] Processing FB01-070-p1 - Android 17/Android 18...
[82/163] Processing FB01-071 - Son Gohan : Childhood...
[83/163] Processing FB01-071-p1 - Son Gohan : Childhood...
[84/163] Processing FB01-072 - Krillin...
[85/163] Processing FB01-073 - Android 16...
[86/163] Processing FB01-074 - Android 16...
[87/163] Processing FB01-075 - Android 17...
[88/163] Processing FB01-076 - Android 17...
[89/163] Processing FB01-077 - Android 17...
[90/163] Processing FB01-078 - Android 17/Android 18...
[91/163] Processing FB01-078-p1 - Android 17/Android 18...
[92/163] Processing FB01-079 - Android 18...
[93/163] Processing FB01-079-p1 - Android 18...
[94/163] Processing FB01-080 - Android 18...
[95/163] Processing FB01-081 - Android 18...
[96/163] Processing FB01-082 - Android 19...
[97/163] Processing FB01-083 - Android 20...
[98/163] Processing FB01-084 - Android 20...
[99/163] Processing FB01-085 - Son Goku...
[100/163] Processing FB01-086 - Son Goku...
[101/163] Processing FB01-087 - Son Goku...
[102/163] Processing FB01-088 - Son Gohan : Childhood...
[103/163] Processing FB01-089 - Son Gohan : Childhood...
[104/163] Processing FB01-090 - Son Gohan : Childhood...
[105/163] Processing FB01-091 - Tien Shinhan...
[106/163] Processing FB01-092 - Trunks : Future...
[107/163] Processing FB01-093 - Trunks : Future...
[108/163] Processing FB01-094 - Piccolo...
[109/163] Processing FB01-095 - Vegeta...
[110/163] Processing FB01-096 - Vegeta...
[111/163] Processing FB01-096-p1 - Vegeta...
[112/163] Processing FB01-097 - Hercule...
[113/163] Processing FB01-098 - Yamcha...
[114/163] Processing FB01-099 - Eye Beam...
[115/163] Processing FB01-100 - Brother-Sister Combination...
[116/163] Processing FB01-101 - Instant Kamehameha...
[117/163] Processing FB01-102 - Dr. Gero's Lab...
[118/163] Processing FB01-103 - Big Bang Attack...
[119/163] Processing FB01-104 - Ginyu...
[120/163] Processing FB01-104-p1 - Ginyu...
[121/163] Processing FB01-105 - Cooler...
[122/163] Processing FB01-105-p1 - Cooler...
[123/163] Processing FB01-106 - Appule...
[124/163] Processing FB01-107 - Ginyu...
[125/163] Processing FB01-108 - Ginyu...
[126/163] Processing FB01-109 - Ginyu...
[127/163] Processing FB01-109-p1 - Ginyu...
[128/163] Processing FB01-110 - Ginyu...
[129/163] Processing FB01-111 - Cui...
[130/163] Processing FB01-112 - Cooler...
[131/163] Processing FB01-113 - Cooler...
[132/163] Processing FB01-113-p1 - Cooler...
[133/163] Processing FB01-114 - Guldo...
[134/163] Processing FB01-115 - King Cold...
[135/163] Processing FB01-116 - Zarbon...
[136/163] Processing FB01-117 - Salza...
[137/163] Processing FB01-118 - Salza...
[138/163] Processing FB01-119 - Jeice...
[139/163] Processing FB01-120 - Sui...
[140/163] Processing FB01-121 - Chilled...
[141/163] Processing FB01-122 - Dore...
[142/163] Processing FB01-123 - Dodoria...
[143/163] Processing FB01-124 - Neiz...
[144/163] Processing FB01-125 - Nail...
[145/163] Processing FB01-126 - Burter...
[146/163] Processing FB01-127 - Banan...
[147/163] Processing FB01-128 - Frieza...
[148/163] Processing FB01-129 - Frieza...
[149/163] Processing FB01-129-p1 - Frieza...
[150/163] Processing FB01-130 - Mecha Frieza...
[151/163] Processing FB01-131 - Meta-Cooler...
[152/163] Processing FB01-132 - Recoome...
[153/163] Processing FB01-133 - Bonds of the Ginyu Force...
[154/163] Processing FB01-134 - We Are Cooler's Armored Squadron!...
[155/163] Processing FB01-135 - Crusher Ball...
[156/163] Processing FB01-136 - Supernova...
[157/163] Processing FB01-137 - Body Change...
[158/163] Processing FB01-138 - Now You See The Power of the Ginyu Force!...
[159/163] Processing FB01-139 - Son Goku...
[160/163] Processing FB01-139-p1 - Son Goku...
[161/163] Processing FB01-139-p2 - Son Goku...
[162/163] Processing FB01-140 - Son Gohan : Childhood...
[163/163] Processing FB01-140-p1 - Son Gohan : Childhood...

=== Processing Set: Blazing Aura ===
Using Set ID: 89d31a87-3e4e-4c41-baa5-6c1a1339d719
Downloading DBFW fb02 JSON data...
Found 163 cards in JSON.
[1/163] Processing FB02-001 - Son Goku...
[2/163] Processing FB02-001-p1 - Son Goku...
[3/163] Processing FB02-002 - Anilaza...
[4/163] Processing FB02-003 - Kakunsa...
[5/163] Processing FB02-004 - Katopesla...
[6/163] Processing FB02-005 - Ganos...
[7/163] Processing FB02-006 - Caulifla...
[8/163] Processing FB02-007 - Caulifla...
[9/163] Processing FB02-008 - Quitela...
[10/163] Processing FB02-009 - Caway...
[11/163] Processing FB02-010 - Cabba...
[12/163] Processing FB02-011 - Kale...
[13/163] Processing FB02-012 - Kefla...
[14/163] Processing FB02-013 - Kefla...
[15/163] Processing FB02-013-p1 - Kefla...
[16/163] Processing FB02-014 - Sidra...
[17/163] Processing FB02-015 - Android 17...
[18/163] Processing FB02-015-p1 - Android 17...
[19/163] Processing FB02-016 - Android 18...
[20/163] Processing FB02-017 - Son Goku...
[21/163] Processing FB02-018 - Son Gohan : Adolescence...
[22/163] Processing FB02-018-p1 - Son Gohan : Adolescence...
[23/163] Processing FB02-019 - Tien Shinhan...
[24/163] Processing FB02-020 - Basil...
[25/163] Processing FB02-021 - Paparoni...
[26/163] Processing FB02-022 - Piccolo...
[27/163] Processing FB02-023 - Frieza...
[28/163] Processing FB02-024 - Vegeta...
[29/163] Processing FB02-025 - Bergamo...
[30/163] Processing FB02-026 - Heles...
[31/163] Processing FB02-027 - Murichim...
[32/163] Processing FB02-028 - Lavender...
[33/163] Processing FB02-029 - Rumsshi...
[34/163] Processing FB02-030 - Ribrianne...
[35/163] Processing FB02-031 - Ribrianne...
[36/163] Processing FB02-032 - Rozie...
[37/163] Processing FB02-033 - Saved by a Barrier...
[38/163] Processing FB02-034 - Clash of the Strongest...
[39/163] Processing FB02-035 - Glimpse of a Hidden Arrogance...
[40/163] Processing FB02-036 - Zamasu : Fused...
[41/163] Processing FB02-036-p1 - Zamasu : Fused...
[42/163] Processing FB02-037 - Kibito...
[43/163] Processing FB02-038 - Great Saiyaman...
[44/163] Processing FB02-039 - Goku Black...
[45/163] Processing FB02-040 - Goku Black...
[46/163] Processing FB02-041 - Gotenks...
[47/163] Processing FB02-042 - Zamasu...
[48/163] Processing FB02-043 - Zamasu...
[49/163] Processing FB02-043-p1 - Zamasu...
[50/163] Processing FB02-044 - Zamasu : Fused...
[51/163] Processing FB02-044-p1 - Zamasu : Fused...
[52/163] Processing FB02-045 - Zamasu : Fused...
[53/163] Processing FB02-046 - Zamasu : Fused...
[54/163] Processing FB02-047 - Shin...
[55/163] Processing FB02-048 - Zuno...
[56/163] Processing FB02-049 - Zen-Oh...
[57/163] Processing FB02-050 - Son Goku...
[58/163] Processing FB02-051 - Son Goku...
[59/163] Processing FB02-052 - Son Goten...
[60/163] Processing FB02-053 - Trunks : Future...
[61/163] Processing FB02-054 - Videl...
[62/163] Processing FB02-055 - Beerus...
[63/163] Processing FB02-056 - Bulma...
[64/163] Processing FB02-057 - Vegeta...
[65/163] Processing FB02-058 - Vegeta...
[66/163] Processing FB02-059 - Vegeta...
[67/163] Processing FB02-060 - Vegito...
[68/163] Processing FB02-061 - Vegito...
[69/163] Processing FB02-061-p1 - Vegito...
[70/163] Processing FB02-062 - Mai : Future...
[71/163] Processing FB02-063 - Old Kai...
[72/163] Processing FB02-064 - Divine Hammer...
[73/163] Processing FB02-065 - Blades of Judgement...
[74/163] Processing FB02-066 - Fusion of Evil Power...
[75/163] Processing FB02-067 - Awakening to Super Saiyan Rosé...
[76/163] Processing FB02-068 - Absolute Lightning...
[77/163] Processing FB02-069 - Time Ring...
[78/163] Processing FB02-070 - Cell...
[79/163] Processing FB02-070-p1 - Cell...
[80/163] Processing FB02-071 - Kami...
[81/163] Processing FB02-072 - Korin...
[82/163] Processing FB02-073 - Caroni/Piiza/Pirozhki...
[83/163] Processing FB02-074 - Krillin...
[84/163] Processing FB02-075 - Android 16...
[85/163] Processing FB02-076 - Android 17...
[86/163] Processing FB02-077 - Android 17/Android 18...
[87/163] Processing FB02-078 - Android 18...
[88/163] Processing FB02-079 - Android 19...
[89/163] Processing FB02-080 - Android 20...
[90/163] Processing FB02-081 - Spy Robot...
[91/163] Processing FB02-082 - Cell...
[92/163] Processing FB02-083 - Cell...
[93/163] Processing FB02-084 - Cell...
[94/163] Processing FB02-084-p1 - Cell...
[95/163] Processing FB02-085 - Cell Jr....
[96/163] Processing FB02-086 - Son Goku...
[97/163] Processing FB02-087 - Son Gohan : Childhood...
[98/163] Processing FB02-088 - Son Gohan : Childhood...
[99/163] Processing FB02-089 - Son Gohan : Future...
[100/163] Processing FB02-089-p1 - Son Gohan : Future...
[101/163] Processing FB02-090 - Chi-Chi...
[102/163] Processing FB02-091 - Trunks : Future...
[103/163] Processing FB02-091-p1 - Trunks : Future...
[104/163] Processing FB02-092 - Trunks : Future...
[105/163] Processing FB02-093 - Paragus : BR...
[106/163] Processing FB02-094 - Piccolo...
[107/163] Processing FB02-095 - Bulma...
[108/163] Processing FB02-096 - Broly : BR...
[109/163] Processing FB02-097 - Vegeta...
[110/163] Processing FB02-098 - Hercule...
[111/163] Processing FB02-099 - Yamcha...
[112/163] Processing FB02-100 - Awakening to Perfect Form...
[113/163] Processing FB02-101 - Tragedy in Ginger Town...
[114/163] Processing FB02-102 - Cell Games Arena...
[115/163] Processing FB02-103 - Senzu Bean...
[116/163] Processing FB02-104 - Earth-Destroying Blow...
[117/163] Processing FB02-105 - Vegeta...
[118/163] Processing FB02-105-p1 - Vegeta...
[119/163] Processing FB02-106 - Whis...
[120/163] Processing FB02-107 - Whis...
[121/163] Processing FB02-108 - Master Roshi...
[122/163] Processing FB02-109 - Master Roshi...
[123/163] Processing FB02-110 - Ginyu...
[124/163] Processing FB02-111 - Cooler...
[125/163] Processing FB02-112 - Krillin...
[126/163] Processing FB02-113 - Gotenks...
[127/163] Processing FB02-114 - King Cold...
[128/163] Processing FB02-115 - Jaco...
[129/163] Processing FB02-116 - Android 18...
[130/163] Processing FB02-117 - Son Goku...
[131/163] Processing FB02-118 - Son Goku...
[132/163] Processing FB02-119 - Son Goku...
[133/163] Processing FB02-119-p1 - Son Goku...
[134/163] Processing FB02-120 - Son Goten...
[135/163] Processing FB02-121 - Son Gohan : Adolescence...
[136/163] Processing FB02-122 - Son Gohan : Adolescence...
[137/163] Processing FB02-123 - Tien Shinhan...
[138/163] Processing FB02-124 - Trunks : Youth...
[139/163] Processing FB02-125 - Videl...
[140/163] Processing FB02-126 - Piccolo...
[141/163] Processing FB02-127 - Beerus...
[142/163] Processing FB02-128 - Frieza...
[143/163] Processing FB02-129 - Bulma...
[144/163] Processing FB02-130 - Bulma...
[145/163] Processing FB02-130-p1 - Bulma...
[146/163] Processing FB02-131 - Vegeta...
[147/163] Processing FB02-132 - Vegeta...
[148/163] Processing FB02-133 - Vegeta...
[149/163] Processing FB02-133-p1 - Vegeta...
[150/163] Processing FB02-134 - Mecha Frieza...
[151/163] Processing FB02-135 - Meta-Cooler...
[152/163] Processing FB02-136 - Blue Power Awakening...
[153/163] Processing FB02-137 - Time Rewound...
[154/163] Processing FB02-138 - Energy Blast Volley...
[155/163] Processing FB02-139 - Vegito...
[156/163] Processing FB02-139-p1 - Vegito...
[157/163] Processing FB02-139-p2 - Vegito...
[158/163] Processing FB02-140 - Golden Frieza...
[159/163] Processing FB02-140-p1 - Golden Frieza...
[160/163] Processing FB01-066-p1 - Kamehameha...
[161/163] Processing FS01-15-p2 - Final Hope Slash...
[162/163] Processing FS03-15-p2 - Gigantic Meteor...
[163/163] Processing FS04-16-p2 - Death Ball...

=== Processing Set: Raging Roar ===
Using Set ID: 1a01ce6e-ee83-4fc8-b5ac-27dc9c85660a
Downloading DBFW fb03 JSON data...
Found 163 cards in JSON.
[1/163] Processing FB03-001 - Jiren...
[2/163] Processing FB03-001-p1 - Jiren...
[3/163] Processing FB03-002 - Kahseral...
[4/163] Processing FB03-003 - Khai...
[5/163] Processing FB03-004 - Cabba...
[6/163] Processing FB03-005 - Kunshi...
[7/163] Processing FB03-006 - Kettol...
[8/163] Processing FB03-007 - Kefla...
[9/163] Processing FB03-008 - Cocotte...
[10/163] Processing FB03-009 - Jiren...
[11/163] Processing FB03-009-p1 - Jiren...
[12/163] Processing FB03-010 - Zoiray...
[13/163] Processing FB03-011 - Son Goku...
[14/163] Processing FB03-012 - Tupper...
[15/163] Processing FB03-013 - Dyspo...
[16/163] Processing FB03-014 - Dyspo...
[17/163] Processing FB03-015 - Toppo...
[18/163] Processing FB03-016 - Toppo...
[19/163] Processing FB03-016-p1 - Toppo...
[20/163] Processing FB03-017 - Hit...
[21/163] Processing FB03-018 - Beerus...
[22/163] Processing FB03-019 - Vuon...
[23/163] Processing FB03-020 - Vegeta...
[24/163] Processing FB03-020-p1 - Vegeta...
[25/163] Processing FB03-021 - Belmod...
[26/163] Processing FB03-022 - Marcarita...
[27/163] Processing FB03-023 - It's Over!...
[28/163] Processing FB03-024 - The Greatest Showdown of All Time!...
[29/163] Processing FB03-025 - Double Cannon Maximum...
[30/163] Processing FB03-026 - Sphere of Destruction...
[31/163] Processing FB03-027 - Son Goku...
[32/163] Processing FB03-027-p1 - Son Goku...
[33/163] Processing FB03-028 - Erasa...
[34/163] Processing FB03-029 - Whis...
[35/163] Processing FB03-030 - Kibito...
[36/163] Processing FB03-031 - Krillin...
[37/163] Processing FB03-032 - Great Saiyaman...
[38/163] Processing FB03-033 - Sharpner...
[39/163] Processing FB03-034 - Shin...
[40/163] Processing FB03-035 - Android 18...
[41/163] Processing FB03-036 - Son Goku...
[42/163] Processing FB03-037 - Son Goten...
[43/163] Processing FB03-038 - Son Gohan : Adolescence...
[44/163] Processing FB03-039 - Son Gohan : Adolescence...
[45/163] Processing FB03-039-p1 - Son Gohan : Adolescence...
[46/163] Processing FB03-040 - Trunks : Future...
[47/163] Processing FB03-041 - Trunks : Youth...
[48/163] Processing FB03-042 - Videl...
[49/163] Processing FB03-042-p1 - Videl...
[50/163] Processing FB03-043 - Videl...
[51/163] Processing FB03-044 - Piccolo...
[52/163] Processing FB03-045 - Beerus...
[53/163] Processing FB03-046 - Bulma...
[54/163] Processing FB03-047 - Vegeta...
[55/163] Processing FB03-048 - Mighty Mask...
[56/163] Processing FB03-049 - Hercule...
[57/163] Processing FB03-050 - Orange Star High School...
[58/163] Processing FB03-051 - Great Saiyaman!...
[59/163] Processing FB03-052 - You Prefer Girls With Short Hair?...
[60/163] Processing FB03-053 - Piccolo...
[61/163] Processing FB03-053-p1 - Piccolo...
[62/163] Processing FB03-054 - King Yemma...
[63/163] Processing FB03-055 - Kami...
[64/163] Processing FB03-056 - Master Roshi...
[65/163] Processing FB03-057 - North Kai...
[66/163] Processing FB03-058 - Gregory...
[67/163] Processing FB03-059 - Android 17...
[68/163] Processing FB03-060 - Cell...
[69/163] Processing FB03-061 - Cell...
[70/163] Processing FB03-062 - The Farmer With Power Level 5...
[71/163] Processing FB03-063 - Son Goku...
[72/163] Processing FB03-064 - Son Goku...
[73/163] Processing FB03-064-p1 - Son Goku...
[74/163] Processing FB03-065 - Son Gohan : Youth...
[75/163] Processing FB03-066 - Son Gohan : Youth...
[76/163] Processing FB03-067 - Nappa...
[77/163] Processing FB03-068 - Bubbles...
[78/163] Processing FB03-069 - Piccolo...
[79/163] Processing FB03-070 - Piccolo...
[80/163] Processing FB03-070-p1 - Piccolo...
[81/163] Processing FB03-071 - Bulma...
[82/163] Processing FB03-072 - Vegeta...
[83/163] Processing FB03-073 - Raditz...
[84/163] Processing FB03-074 - Raditz...
[85/163] Processing FB03-075 - Days of Training...
[86/163] Processing FB03-076 - Scouter...
[87/163] Processing FB03-077 - Special Beam Cannon...
[88/163] Processing FB03-078 - Majin Buu...
[89/163] Processing FB03-078-p1 - Majin Buu...
[90/163] Processing FB03-079 - Spopovich...
[91/163] Processing FB03-080 - Son Goku...
[92/163] Processing FB03-081 - Dabura...
[93/163] Processing FB03-082 - Dabura...
[94/163] Processing FB03-083 - Babidi...
[95/163] Processing FB03-084 - Babidi...
[96/163] Processing FB03-085 - Bibidi...
[97/163] Processing FB03-086 - Pui Pui...
[98/163] Processing FB03-087 - Bulma...
[99/163] Processing FB03-088 - Vegeta...
[100/163] Processing FB03-089 - Vegeta...
[101/163] Processing FB03-089-p1 - Vegeta...
[102/163] Processing FB03-090 - Vegeta...
[103/163] Processing FB03-091 - Majin Buu : Pure Evil...
[104/163] Processing FB03-092 - Majin Buu...
[105/163] Processing FB03-093 - Majin Buu...
[106/163] Processing FB03-093-p1 - Majin Buu...
[107/163] Processing FB03-094 - Meta-Cooler Core...
[108/163] Processing FB03-095 - Yakon...
[109/163] Processing FB03-096 - Yamu...
[110/163] Processing FB03-097 - Recoome...
[111/163] Processing FB03-098 - Turn Into Candy!...
[112/163] Processing FB03-099 - Energy Absorption...
[113/163] Processing FB03-100 - Paparapaa!...
[114/163] Processing FB03-101 - Babidi's Spaceship...
[115/163] Processing FB03-102 - Final Explosion...
[116/163] Processing FB03-103 - Sealed Majin...
[117/163] Processing FB03-104 - Son Goku : GT...
[118/163] Processing FB03-104-p1 - Son Goku : GT...
[119/163] Processing FB03-105 - Uub : GT...
[120/163] Processing FB03-106 - Golden Great Ape Son Goku...
[121/163] Processing FB03-107 - Gine : BR...
[122/163] Processing FB03-108 - Giru...
[123/163] Processing FB03-109 - Zoonama...
[124/163] Processing FB03-110 - Son Goku : GT...
[125/163] Processing FB03-111 - Son Goku : GT...
[126/163] Processing FB03-111-p1 - Son Goku : GT...
[127/163] Processing FB03-112 - Son Goku : Childhood BR...
[128/163] Processing FB03-113 - Son Goten : GT...
[129/163] Processing FB03-114 - Son Gohan : GT...
[130/163] Processing FB03-115 - Chilled...
[131/163] Processing FB03-116 - Toolo...
[132/163] Processing FB03-117 - Dr. Myuu...
[133/163] Processing FB03-118 - Trunks : GT...
[134/163] Processing FB03-119 - Trunks : GT...
[135/163] Processing FB03-120 - Dolltucky...
[136/163] Processing FB03-121 - Bardock...
[137/163] Processing FB03-121-p1 - Bardock...
[138/163] Processing FB03-122 - Bardock : BR...
[139/163] Processing FB03-123 - Para Para Brothers...
[140/163] Processing FB03-124 - Pan : GT...
[141/163] Processing FB03-125 - Pan : GT...
[142/163] Processing FB03-125-p1 - Pan : GT...
[143/163] Processing FB03-126 - Piccolo : GT...
[144/163] Processing FB03-127 - Bulla : GT...
[145/163] Processing FB03-128 - Bulma : GT...
[146/163] Processing FB03-129 - Vegeta : GT...
[147/163] Processing FB03-130 - Vegeta : Childhood BR...
[148/163] Processing FB03-131 - Majin Buu : GT...
[149/163] Processing FB03-132 - Hercule : GT...
[150/163] Processing FB03-133 - Luud...
[151/163] Processing FB03-134 - Ledgic...
[152/163] Processing FB03-135 - New Legend...
[153/163] Processing FB03-136 - Spaceship of Hope...
[154/163] Processing FB03-137 - 10x Kamehameha...
[155/163] Processing FB03-138 - Great Ape Who Gained Intelligence...
[156/163] Processing FB03-139 - Son Gohan : Youth...
[157/163] Processing FB03-139-p1 - Son Gohan : Youth...
[158/163] Processing FB03-140 - Son Goku : GT...
[159/163] Processing FB03-140-p1 - Son Goku : GT...
[160/163] Processing FB03-140-p2 - Son Goku : GT...
[161/163] Processing FB01-016-p1 - Son Gohan : Adolescence...
[162/163] Processing FB01-049-p3 - Trunks : Future...
[163/163] Processing FS04-09-p2 - Cheelai : BR...

=== Processing Set: Ultra Limit ===
Using Set ID: 9fc90f91-491e-4e5a-969d-ecd53d2bd01a
Downloading DBFW fb04 JSON data...
Found 158 cards in JSON.
[1/158] Processing FB04-001 - Son Goku...
[2/158] Processing FB04-001-p1 - Son Goku...
[3/158] Processing FB04-002 - Whis...
[4/158] Processing FB04-003 - Obuni...
[5/158] Processing FB04-004 - Golden Frieza...
[6/158] Processing FB04-005 - Shantza...
[7/158] Processing FB04-006 - Jiren...
[8/158] Processing FB04-007 - Shin...
[9/158] Processing FB04-008 - Shin (Mini) : DA...
[10/158] Processing FB04-009 - Android 17...
[11/158] Processing FB04-010 - Zen-Oh...
[12/158] Processing FB04-011 - Son Goku...
[13/158] Processing FB04-012 - Son Goku (Mini) : DA...
[14/158] Processing FB04-012-p1 - Son Goku (Mini) : DA...
[15/158] Processing FB04-013 - Son Gohan : Adolescence...
[16/158] Processing FB04-014 - Great Priest...
[17/158] Processing FB04-015 - Dyspo...
[18/158] Processing FB04-016 - Toppo...
[19/158] Processing FB04-017 - Beerus...
[20/158] Processing FB04-018 - Frieza...
[21/158] Processing FB04-018-p1 - Frieza...
[22/158] Processing FB04-019 - Vegeta...
[23/158] Processing FB04-020 - Bota Magetta...
[24/158] Processing FB04-021 - Monna...
[25/158] Processing FB04-022 - Extreme Ultra Instinct...
[26/158] Processing FB04-023 - Heat Aura...
[27/158] Processing FB04-024 - Arch-Enemies Team Up...
[28/158] Processing FB04-025 - Inexhaustible Power...
[29/158] Processing FB04-026 - Son Gohan : Adolescence...
[30/158] Processing FB04-026-p1 - Son Gohan : Adolescence...
[31/158] Processing FB04-027 - Fortuneteller Baba...
[32/158] Processing FB04-028 - Kibito...
[33/158] Processing FB04-029 - Kibito Kai...
[34/158] Processing FB04-030 - Great Saiyaman 2...
[35/158] Processing FB04-031 - Gotenks...
[36/158] Processing FB04-032 - Gotenks...
[37/158] Processing FB04-033 - Gotenks...
[38/158] Processing FB04-033-p1 - Gotenks...
[39/158] Processing FB04-034 - Shin...
[40/158] Processing FB04-035 - Son Goku...
[41/158] Processing FB04-036 - Son Goten...
[42/158] Processing FB04-037 - Son Gohan : Adolescence...
[43/158] Processing FB04-038 - Son Gohan : Adolescence...
[44/158] Processing FB04-039 - Tien Shinhan...
[45/158] Processing FB04-040 - Trunks : Youth...
[46/158] Processing FB04-041 - Videl...
[47/158] Processing FB04-042 - Piccolo...
[48/158] Processing FB04-043 - Bulma (Mini) : DA...
[49/158] Processing FB04-044 - Vegeta...
[50/158] Processing FB04-045 - Vegeta (Mini) : DA...
[51/158] Processing FB04-045-p1 - Vegeta (Mini) : DA...
[52/158] Processing FB04-046 - Vegito...
[53/158] Processing FB04-047 - Overwhelming Confidence...
[54/158] Processing FB04-048 - Galactic Donut...
[55/158] Processing FB04-049 - Amazing Hidden Potential...
[56/158] Processing FB04-050 - Legend of the Strongest Sword...
[57/158] Processing FB04-051 - Vegeta...
[58/158] Processing FB04-051-p1 - Vegeta...
[59/158] Processing FB04-052 - Great Ape Vegeta...
[60/158] Processing FB04-052-p1 - Great Ape Vegeta...
[61/158] Processing FB04-053 - Kami...
[62/158] Processing FB04-054 - Master Roshi...
[63/158] Processing FB04-055 - Krillin...
[64/158] Processing FB04-056 - Saibaman...
[65/158] Processing FB04-057 - Android 18...
[66/158] Processing FB04-058 - Cell...
[67/158] Processing FB04-059 - Son Goku...
[68/158] Processing FB04-059-p1 - Son Goku...
[69/158] Processing FB04-060 - Son Gohan : Youth...
[70/158] Processing FB04-061 - Turles...
[71/158] Processing FB04-062 - Chiaotzu...
[72/158] Processing FB04-063 - Tien Shinhan...
[73/158] Processing FB04-064 - Nappa...
[74/158] Processing FB04-064-p1 - Nappa...
[75/158] Processing FB04-065 - Nappa...
[76/158] Processing FB04-066 - Piccolo...
[77/158] Processing FB04-067 - Piccolo (Mini) : DA...
[78/158] Processing FB04-068 - Bulma...
[79/158] Processing FB04-069 - Vegeta...
[80/158] Processing FB04-070 - Yajirobe...
[81/158] Processing FB04-071 - Yamcha...
[82/158] Processing FB04-072 - Raditz...
[83/158] Processing FB04-073 - A Warm Greeting...
[84/158] Processing FB04-074 - Self-Destructing Saibamen...
[85/158] Processing FB04-075 - Invasion of the Saiyans...
[86/158] Processing FB04-076 - Artificial Full Moon...
[87/158] Processing FB04-077 - Majin Buu : Evil...
[88/158] Processing FB04-077-p1 - Majin Buu : Evil...
[89/158] Processing FB04-078 - Idasa...
[90/158] Processing FB04-079 - Shin...
[91/158] Processing FB04-080 - King Gomah : DA...
[92/158] Processing FB04-081 - Cooler...
[93/158] Processing FB04-082 - Dabura...
[94/158] Processing FB04-083 - Grand Supreme Kai...
[95/158] Processing FB04-084 - West Supreme Kai...
[96/158] Processing FB04-085 - Babidi...
[97/158] Processing FB04-086 - Bibidi...
[98/158] Processing FB04-087 - Bee...
[99/158] Processing FB04-088 - Vegeta...
[100/158] Processing FB04-089 - Vegeta...
[101/158] Processing FB04-090 - Majin Buu...
[102/158] Processing FB04-091 - Majin Buu : Evil...
[103/158] Processing FB04-092 - Majin Buu : Evil...
[104/158] Processing FB04-093 - Majin Buu : Evil...
[105/158] Processing FB04-093-p1 - Majin Buu : Evil...
[106/158] Processing FB04-094 - Majin Buu : Kid...
[107/158] Processing FB04-094-p1 - Majin Buu : Kid...
[108/158] Processing FB04-095 - Majin Buu : Kid...
[109/158] Processing FB04-096 - Majin Buu : Pure Evil...
[110/158] Processing FB04-097 - Hercule...
[111/158] Processing FB04-098 - South Supreme Kai...
[112/158] Processing FB04-099 - Blind Spot Absorption...
[113/158] Processing FB04-100 - Humanity's Destruction...
[114/158] Processing FB04-101 - Unsealed Majin...
[115/158] Processing FB04-102 - Frieza's Spaceship...
[116/158] Processing FB04-103 - Super Baby 2...
[117/158] Processing FB04-103-p1 - Super Baby 2...
[118/158] Processing FB04-104 - Great Ape Baby...
[119/158] Processing FB04-104-p1 - Great Ape Baby...
[120/158] Processing FB04-105 - Glorio : DA...
[121/158] Processing FB04-106 - Super Uub...
[122/158] Processing FB04-107 - Super Sigma...
[123/158] Processing FB04-108 - Super Baby 1...
[124/158] Processing FB04-108-p1 - Super Baby 1...
[125/158] Processing FB04-109 - Son Goku : GT...
[126/158] Processing FB04-110 - Son Goten : GT...
[127/158] Processing FB04-111 - Son Gohan : GT...
[128/158] Processing FB04-112 - Dr. Myuu...
[129/158] Processing FB04-113 - Trunks : GT...
[130/158] Processing FB04-114 - Trunks : GT...
[131/158] Processing FB04-114-p1 - Trunks : GT...
[132/158] Processing FB04-115 - Nezi...
[133/158] Processing FB04-116 - Hyper Meta-Rilldo...
[134/158] Processing FB04-117 - Pan : GT...
[135/158] Processing FB04-118 - Bizu...
[136/158] Processing FB04-119 - Bulla : GT...
[137/158] Processing FB04-120 - Vegeta : GT...
[138/158] Processing FB04-121 - Baby Vegeta...
[139/158] Processing FB04-122 - Baby : Possessed Boy Form...
[140/158] Processing FB04-123 - Meta-Rilldo...
[141/158] Processing FB04-124 - Ribet...
[142/158] Processing FB04-125 - General Rilldo...
[143/158] Processing FB04-126 - New Planet Tuffle...
[144/158] Processing FB04-127 - Super Galick Gun...
[145/158] Processing FB04-128 - Revenge Death Ball...
[146/158] Processing FB04-129 - Son Goku...
[147/158] Processing FB04-129-p1 - Son Goku...
[148/158] Processing FB04-129-p2 - Son Goku...
[149/158] Processing FB04-130 - Vegito...
[150/158] Processing FB04-130-p1 - Vegito...
[151/158] Processing FB03-077-p1 - Special Beam Cannon...
[152/158] Processing FB03-102-p1 - Final Explosion...
[153/158] Processing FB03-137-p1 - 10x Kamehameha...
[154/158] Processing FB04-008-p1 - Shin (Mini) : DA...
[155/158] Processing FB04-043-p1 - Bulma (Mini) : DA...
[156/158] Processing FB04-067-p1 - Piccolo (Mini) : DA...
[157/158] Processing FB04-080-p1 - King Gomah : DA...
[158/158] Processing FB04-105-p1 - Glorio : DA...

=== Processing Set: Starter Deck: Son Goku ===
Using Set ID: 2a276185-bc01-4a62-9ec7-991c6a6cd82b
Downloading DBFW fs01 JSON data...
Found 16 cards in JSON.
[1/16] Processing FS01-01 - Son Goku...
[2/16] Processing FS01-02 - Whis...
[3/16] Processing FS01-03 - Master Roshi...
[4/16] Processing FS01-04 - Krillin...
[5/16] Processing FS01-05 - Shin...
[6/16] Processing FS01-06 - Android 17...
[7/16] Processing FS01-07 - Android 18...
[8/16] Processing FS01-08 - Son Goku...
[9/16] Processing FS01-09 - Son Gohan : Adolescence...
[10/16] Processing FS01-10 - Tien Shinhan...
[11/16] Processing FS01-11 - Piccolo...
[12/16] Processing FS01-12 - Beerus...
[13/16] Processing FS01-13 - Frieza...
[14/16] Processing FS01-14 - Vegeta...
[15/16] Processing FS01-15 - Kamehameha...
[16/16] Processing FS01-16 - God Kamehameha...

=== Processing Set: Starter Deck: Vegeta ===
Using Set ID: 0c7347be-dc09-499e-b077-103f2deb06a3
Downloading DBFW fs02 JSON data...
Found 16 cards in JSON.
[1/16] Processing FS02-01 - Vegeta...
[2/16] Processing FS02-02 - Gotenks...
[3/16] Processing FS02-03 - Gotenks...
[4/16] Processing FS02-04 - Son Goku...
[5/16] Processing FS02-05 - Son Goten...
[6/16] Processing FS02-06 - Son Goten...
[7/16] Processing FS02-07 - Son Gohan : Adolescence...
[8/16] Processing FS02-08 - Trunks : Youth...
[9/16] Processing FS02-09 - Trunks : Youth...
[10/16] Processing FS02-10 - Videl...
[11/16] Processing FS02-11 - Piccolo...
[12/16] Processing FS02-12 - Bulma...
[13/16] Processing FS02-13 - Vegeta...
[14/16] Processing FS02-14 - Majin Buu : Good...
[15/16] Processing FS02-15 - Galick Gun...
[16/16] Processing FS02-16 - Final Flash...

=== Processing Set: Starter Deck: Broly ===
Using Set ID: 86595444-b064-4b12-bcc9-6aa37d51a086
Downloading DBFW fs03 JSON data...
Found 16 cards in JSON.
[1/16] Processing FS03-01 - Broly...
[2/16] Processing FS03-02 - Angol...
[3/16] Processing FS03-03 - Shamoian...
[4/16] Processing FS03-04 - Turles...
[5/16] Processing FS03-05 - Nappa...
[6/16] Processing FS03-06 - Paragus...
[7/16] Processing FS03-07 - Paragus...
[8/16] Processing FS03-08 - Broly...
[9/16] Processing FS03-09 - Broly...
[10/16] Processing FS03-10 - Broly : BR...
[11/16] Processing FS03-11 - Vegeta...
[12/16] Processing FS03-12 - King Vegeta...
[13/16] Processing FS03-13 - Moah...
[14/16] Processing FS03-14 - Raditz...
[15/16] Processing FS03-15 - Gigantic Meteor...
[16/16] Processing FS03-16 - Destructive Strength...

=== Processing Set: Starter Deck: Frieza ===
Using Set ID: 257f0a59-5de1-48c3-bb08-8a4a7ca34445
Downloading DBFW fs04 JSON data...
Found 16 cards in JSON.
[1/16] Processing FS04-01 - Frieza...
[2/16] Processing FS04-02 - Cui...
[3/16] Processing FS04-03 - Golden Frieza...
[4/16] Processing FS04-04 - King Cold...
[5/16] Processing FS04-05 - Zarbon...
[6/16] Processing FS04-06 - Shisami...
[7/16] Processing FS04-07 - Sorbet...
[8/16] Processing FS04-08 - Tagoma...
[9/16] Processing FS04-09 - Cheelai : BR...
[10/16] Processing FS04-10 - Dodoria...
[11/16] Processing FS04-11 - Frieza...
[12/16] Processing FS04-12 - Frieza...
[13/16] Processing FS04-13 - Frieza...
[14/16] Processing FS04-14 - Lemo : BR...
[15/16] Processing FS04-15 - Golden Death Beam...
[16/16] Processing FS04-16 - Death Ball...

=== Processing Set: Starter Deck: Bardock ===
Using Set ID: e974c9f3-b8dd-4725-9a1e-b85d73ece02d
Downloading DBFW fs05 JSON data...
Found 16 cards in JSON.
[1/16] Processing FS05-01 - Bardock...
[2/16] Processing FS05-02 - Great Ape Bardock...
[3/16] Processing FS05-03 - Kakarot...
[4/16] Processing FS05-04 - Fasha...
[5/16] Processing FS05-05 - Son Gohan...
[6/16] Processing FS05-06 - Tora...
[7/16] Processing FS05-07 - Borgos...
[8/16] Processing FS05-08 - Dodoria...
[9/16] Processing FS05-09 - Nappa : Adolescence...
[10/16] Processing FS05-10 - Bardock...
[11/16] Processing FS05-11 - Bardock...
[12/16] Processing FS05-12 - Shugesh...
[13/16] Processing FS05-13 - Frieza...
[14/16] Processing FS05-14 - Vegeta : Youth...
[15/16] Processing FS05-15 - Resisting Destiny...
[16/16] Processing FS05-16 - A Lonesome, Final Battle...

=== Processing Set: Promotional Cards ===
Using Set ID: 864a43b7-78c6-4d49-aea5-a566df255d2f
Downloading DBFW promotion JSON data...
Found 560 cards in JSON.
[1/560] Processing FP-001 - Son Goku...
[2/560] Processing FP-002 - Vegeta...
[3/560] Processing FP-003 - Broly...
[4/560] Processing FP-004 - Frieza...
[5/560] Processing FP-005 - Awakening to Super Saiyan...
[6/560] Processing FP-001-p1 - Son Goku...
[7/560] Processing FP-006 - Son Goku...
[8/560] Processing FP-006-p1 - Son Goku...
[9/560] Processing FP-007 - Vegeta...
[10/560] Processing FP-007-p1 - Vegeta...
[11/560] Processing FP-008 - Son Goku...
[12/560] Processing FP-008-p1 - Son Goku...
[13/560] Processing FS01-06-p1 - Android 17...
[14/560] Processing FB01-005-p1 - Master Roshi...
[15/560] Processing FB01-049-p1 - Trunks : Future...
[16/560] Processing FB01-057-p1 - Bulma...
[17/560] Processing FB01-087-p1 - Son Goku...
[18/560] Processing FB01-088-p1 - Son Gohan : Childhood...
[19/560] Processing FB01-124-p1 - Neiz...
[20/560] Processing FB01-128-p1 - Frieza...
[21/560] Processing FS01-06-p2 - Android 17...
[22/560] Processing FB01-049-p2 - Trunks : Future...
[23/560] Processing FB01-087-p2 - Son Goku...
[24/560] Processing FB01-128-p2 - Frieza...
[25/560] Processing FS01-02-p1 - Whis...
[26/560] Processing FS01-04-p1 - Krillin...
[27/560] Processing FS01-05-p1 - Shin...
[28/560] Processing FS01-08-p1 - Son Goku...
[29/560] Processing FS01-09-p1 - Son Gohan : Adolescence...
[30/560] Processing FS01-15-p1 - Kamehameha...
[31/560] Processing FS01-16-p1 - God Kamehameha...
[32/560] Processing FS02-03-p1 - Gotenks...
[33/560] Processing FS02-06-p1 - Son Goten...
[34/560] Processing FS02-09-p1 - Trunks : Youth...
[35/560] Processing FS02-10-p1 - Videl...
[36/560] Processing FS02-13-p1 - Vegeta...
[37/560] Processing FS02-15-p1 - Galick Gun...
[38/560] Processing FS02-16-p1 - Final Flash...
[39/560] Processing FS03-04-p1 - Turles...
[40/560] Processing FS03-07-p1 - Paragus...
[41/560] Processing FS03-10-p1 - Broly : BR...
[42/560] Processing FS03-11-p1 - Vegeta...
[43/560] Processing FS03-12-p1 - King Vegeta...
[44/560] Processing FS03-15-p1 - Gigantic Meteor...
[45/560] Processing FS03-16-p1 - Destructive Strength...
[46/560] Processing FS04-02-p1 - Cui...
[47/560] Processing FS04-03-p1 - Golden Frieza...
[48/560] Processing FS04-04-p1 - King Cold...
[49/560] Processing FS04-09-p1 - Cheelai : BR...
[50/560] Processing FS04-12-p1 - Frieza...
[51/560] Processing FS04-15-p1 - Golden Death Beam...
[52/560] Processing FS04-16-p1 - Death Ball...
[53/560] Processing FB01-005-p2 - Master Roshi...
[54/560] Processing FB01-015-p2 - Son Goku...
[55/560] Processing FB01-096-p2 - Vegeta...
[56/560] Processing FB02-004-p1 - Katopesla...
[57/560] Processing FB02-033-p1 - Saved by a Barrier...
[58/560] Processing FB02-034-p1 - Clash of the Strongest...
[59/560] Processing FB02-034-p2 - Clash of the Strongest...
[60/560] Processing FB02-039-p1 - Goku Black...
[61/560] Processing FB02-042-p1 - Zamasu...
[62/560] Processing FB02-047-p1 - Shin...
[63/560] Processing FB02-051-p1 - Son Goku...
[64/560] Processing FB02-051-p2 - Son Goku...
[65/560] Processing FB02-077-p1 - Android 17/Android 18...
[66/560] Processing FB02-077-p2 - Android 17/Android 18...
[67/560] Processing FB02-085-p1 - Cell Jr....
[68/560] Processing FB02-086-p1 - Son Goku...
[69/560] Processing FB02-088-p1 - Son Gohan : Childhood...
[70/560] Processing FB02-110-p1 - Ginyu...
[71/560] Processing FB02-132-p1 - Vegeta...
[72/560] Processing FB02-133-p2 - Vegeta...
[73/560] Processing FB02-136-p1 - Blue Power Awakening...
[74/560] Processing FB02-136-p2 - Blue Power Awakening...
[75/560] Processing FB02-137-p1 - Time Rewound...
[76/560] Processing FP-009 - Piccolo...
[77/560] Processing FP-010 - Vegito...
[78/560] Processing FP-011 - Cell...
[79/560] Processing FP-012 - Bulma...
[80/560] Processing FP-013 - Son Gohan : Adolescence...
[81/560] Processing FP-013-p1 - Son Gohan : Adolescence...
[82/560] Processing FP-014 - Broly : BR...
[83/560] Processing FP-015 - Goku Black...
[84/560] Processing FS04-12-p2 - Frieza...
[85/560] Processing FB01-005-p3 - Master Roshi...
[86/560] Processing FB02-033-p2 - Saved by a Barrier...
[87/560] Processing FB02-039-p2 - Goku Black...
[88/560] Processing FB02-042-p2 - Zamasu...
[89/560] Processing FB02-085-p2 - Cell Jr....
[90/560] Processing FB02-086-p2 - Son Goku...
[91/560] Processing FB02-132-p2 - Vegeta...
[92/560] Processing FB02-137-p2 - Time Rewound...
[93/560] Processing FB02-035-p1 - Glimpse of a Hidden Arrogance...
[94/560] Processing FP-016 - Jiren...
[95/560] Processing FP-017 - Son Gohan : Adolescence...
[96/560] Processing FP-018 - Piccolo...
[97/560] Processing FP-019 - Majin Buu...
[98/560] Processing FP-020 - Trunks : GT...
[99/560] Processing FP-021 - Bardock...
[100/560] Processing FP-021-p1 - Bardock...
[101/560] Processing FP-022-p1 - Son Goku : GT...
[102/560] Processing FP-023-p1 - Vegeta...
[103/560] Processing FB03-014-p1 - Dyspo...
[104/560] Processing FB03-032-p1 - Great Saiyaman...
[105/560] Processing FB03-032-p2 - Great Saiyaman...
[106/560] Processing FB03-052-p1 - You Prefer Girls With Short Hair?...
[107/560] Processing FB03-061-p1 - Cell...
[108/560] Processing FB03-061-p2 - Cell...
[109/560] Processing FB03-073-p1 - Raditz...
[110/560] Processing FB03-081-p1 - Dabura...
[111/560] Processing FB03-081-p2 - Dabura...
[112/560] Processing FB03-122-p1 - Bardock : BR...
[113/560] Processing FB03-124-p1 - Pan : GT...
[114/560] Processing FB03-124-p2 - Pan : GT...
[115/560] Processing FB02-007-p1 - Caulifla...
[116/560] Processing FB02-061-p2 - Vegito...
[117/560] Processing FB02-102-p1 - Cell Games Arena...
[118/560] Processing FB02-102-p2 - Cell Games Arena...
[119/560] Processing FB03-011-p1 - Son Goku...
[120/560] Processing FB03-011-p2 - Son Goku...
[121/560] Processing FB03-023-p1 - It's Over!...
[122/560] Processing FB03-023-p2 - It's Over!...
[123/560] Processing FB03-049-p1 - Hercule...
[124/560] Processing FB03-049-p2 - Hercule...
[125/560] Processing FB03-075-p1 - Days of Training...
[126/560] Processing FB03-075-p2 - Days of Training...
[127/560] Processing FB03-083-p1 - Babidi...
[128/560] Processing FB03-083-p2 - Babidi...
[129/560] Processing FB03-119-p1 - Trunks : GT...
[130/560] Processing FB03-119-p2 - Trunks : GT...
[131/560] Processing FS05-16-p1 - A Lonesome, Final Battle...
[132/560] Processing FS05-16-p2 - A Lonesome, Final Battle...
[133/560] Processing FB03-064-p2 - Son Goku...
[134/560] Processing FS05-11-p2 - Bardock...
[135/560] Processing FS05-03-p1 - Kakarot...
[136/560] Processing FS05-05-p1 - Son Gohan...
[137/560] Processing FS05-09-p1 - Nappa : Adolescence...
[138/560] Processing FS05-11-p3 - Bardock...
[139/560] Processing FS05-13-p1 - Frieza...
[140/560] Processing FS05-14-p1 - Vegeta : Youth...
[141/560] Processing FS05-15-p1 - Resisting Destiny...
[142/560] Processing FS02-04-p1 - Son Goku...
[143/560] Processing FP-024-p1 - Son Goku (Mini) : DA...
[144/560] Processing FB03-011-p3 - Son Goku...
[145/560] Processing FB01-066-p2 - Final Hope Slash...
[146/560] Processing FS01-15-p3 - Kamehameha...
[147/560] Processing FS02-16-p2 - Final Flash...
[148/560] Processing FS06-02-p1 - Krillin (Mini) : DA...
[149/560] Processing FS06-03-p1 - Shin (Mini) : DA...
[150/560] Processing FS06-05-p1 - Android 18 (Mini) : DA...
[151/560] Processing FS06-06-p1 - Son Goku : DA...
[152/560] Processing FS06-07-p1 - Son Goten (Mini) : DA...
[153/560] Processing FS06-09-p1 - Chi-Chi (Mini) : DA...
[154/560] Processing FS07-04-p1 - Trunks (Mini) : DA...
[155/560] Processing FS07-05-p1 - Piccolo (Mini) : DA...
[156/560] Processing FS07-06-p1 - Bulma (Mini) : DA...
[157/560] Processing FS07-07-p1 - Vegeta : DA...
[158/560] Processing FS07-09-p1 - Majin Buu (Mini) : DA...
[159/560] Processing FS07-10-p1 - Hercule (Mini) : DA...
[160/560] Processing FP-024 - Son Goku (Mini) : DA...
[161/560] Processing FP-025 - Majin Buu : Kid...
[162/560] Processing FP-026 - Super Baby 2...
[163/560] Processing FP-027 - Son Goku...
[164/560] Processing FP-027-p1 - Son Goku...
[165/560] Processing FP-028 - Gotenks...
[166/560] Processing FP-029 - Vegeta (Mini) : DA...
[167/560] Processing FB03-022-p1 - Marcarita...
[168/560] Processing FB03-024-p1 - The Greatest Showdown of All Time!...
[169/560] Processing FB03-024-p2 - The Greatest Showdown of All Time!...
[170/560] Processing FB03-050-p1 - Orange Star High School...
[171/560] Processing FB03-050-p2 - Orange Star High School...
[172/560] Processing FB03-057-p1 - North Kai...
[173/560] Processing FB03-086-p1 - Pui Pui...
[174/560] Processing FB03-086-p2 - Pui Pui...
[175/560] Processing FB03-101-p1 - Babidi's Spaceship...
[176/560] Processing FB03-114-p1 - Son Gohan : GT...
[177/560] Processing FB03-114-p2 - Son Gohan : GT...
[178/560] Processing FB03-132-p1 - Hercule : GT...
[179/560] Processing FB03-093-p2 - Majin Buu...
[180/560] Processing FS03-10-p2 - Broly : BR...
[181/560] Processing FB01-129-p2 - Frieza...
[182/560] Processing FB01-129-p3 - Frieza...
[183/560] Processing FB01-129-p4 - Frieza...
[184/560] Processing FB01-004-p1 - Whis...
[185/560] Processing FB02-012-p1 - Kefla...
[186/560] Processing FB02-049-p1 - Zen-Oh...
[187/560] Processing FB02-116-p1 - Android 18...
[188/560] Processing FB03-028-p1 - Erasa...
[189/560] Processing FB03-127-p1 - Bulla : GT...
[190/560] Processing FS03-13-p1 - Moah...
[191/560] Processing FS03-16-p2 - Destructive Strength...
[192/560] Processing FS04-11-p1 - Frieza...
[193/560] Processing FS05-15-p2 - Resisting Destiny...
[194/560] Processing FP-014-p1 - Broly : BR...
[195/560] Processing FP-015-p1 - Goku Black...
[196/560] Processing FP-016-p1 - Jiren...
[197/560] Processing FP-022-p2 - Son Goku : GT...
[198/560] Processing FP-023-p2 - Vegeta...
[199/560] Processing FS06-01-p1 - Son Goku (Mini) : DA...
[200/560] Processing FS07-01-p1 - Vegeta (Mini) : DA...
[201/560] Processing FB01-004-p2 - Whis...
[202/560] Processing FB02-012-p2 - Kefla...
[203/560] Processing FB02-049-p2 - Zen-Oh...
[204/560] Processing FB02-116-p2 - Android 18...
[205/560] Processing FB03-028-p2 - Erasa...
[206/560] Processing FB03-127-p2 - Bulla : GT...
[207/560] Processing FS03-13-p2 - Moah...
[208/560] Processing FS03-16-p3 - Destructive Strength...
[209/560] Processing FS04-11-p2 - Frieza...
[210/560] Processing FS05-15-p3 - Resisting Destiny...
[211/560] Processing FP-014-p2 - Broly : BR...
[212/560] Processing FP-015-p2 - Goku Black...
[213/560] Processing FP-016-p2 - Jiren...
[214/560] Processing FP-022-p3 - Son Goku : GT...
[215/560] Processing FP-023-p3 - Vegeta...
[216/560] Processing FS01-01-p1 - Son Goku...
[217/560] Processing FS02-01-p1 - Vegeta...
[218/560] Processing FS03-01-p1 - Broly...
[219/560] Processing FS04-01-p1 - Frieza...
[220/560] Processing FS05-01-p1 - Bardock...
[221/560] Processing FP-030 - The Strongest Fighters...
[222/560] Processing FP-031 - Son Goku (Mini) : DA...
[223/560] Processing FP-032 - Janemba...
[224/560] Processing FP-033 - Vegeta...
[225/560] Processing FP-034 - Son Goku...
[226/560] Processing FP-034-p1 - Son Goku...
[227/560] Processing FP-037 - Son Goku (Mini) : DA...
[228/560] Processing FB04-004-p1 - Golden Frieza...
[229/560] Processing FB04-006-p1 - Jiren...
[230/560] Processing FB04-046-p1 - Vegito...
[231/560] Processing FB04-057-p1 - Android 18...
[232/560] Processing FB04-069-p1 - Vegeta...
[233/560] Processing FB04-091-p1 - Majin Buu : Evil...
[234/560] Processing FB04-117-p1 - Pan : GT...
[235/560] Processing FB04-119-p1 - Bulla : GT...
[236/560] Processing FB04-046-p2 - Vegito...
[237/560] Processing FB04-117-p2 - Pan : GT...
[238/560] Processing FB04-069-p2 - Vegeta...
[239/560] Processing FB04-091-p2 - Majin Buu : Evil...
[240/560] Processing FB05-053-p1 - Son Goku...
[241/560] Processing E01-01 - Energy Marker...
[242/560] Processing E01-02 - Energy Marker...
[243/560] Processing E01-03 - Energy Marker...
[244/560] Processing E01-04 - Energy Marker...
[245/560] Processing E01-05 - Energy Marker...
[246/560] Processing E01-06 - Energy Marker...
[247/560] Processing E01-07 - Energy Marker...
[248/560] Processing E01-08 - Energy Marker...
[249/560] Processing E01-09 - Energy Marker...
[250/560] Processing E01-10 - Energy Marker...
[251/560] Processing E01-11 - Energy Marker...
[252/560] Processing E01-12 - Energy Marker...
[253/560] Processing E01-01-p1 - Energy Marker...
[254/560] Processing E01-02-p1 - Energy Marker...
[255/560] Processing E01-03-p1 - Energy Marker...
[256/560] Processing E01-04-p1 - Energy Marker...
[257/560] Processing E01-05-p1 - Energy Marker...
[258/560] Processing E01-06-p1 - Energy Marker...
[259/560] Processing E01-07-p1 - Energy Marker...
[260/560] Processing E01-08-p1 - Energy Marker...
[261/560] Processing E01-09-p1 - Energy Marker...
[262/560] Processing E01-10-p1 - Energy Marker...
[263/560] Processing E01-11-p1 - Energy Marker...
[264/560] Processing E01-12-p1 - Energy Marker...
[265/560] Processing E02-01 - Energy Marker...
[266/560] Processing E02-02 - Energy Marker...
[267/560] Processing E02-03 - Energy Marker...
[268/560] Processing E02-04 - Energy Marker...
[269/560] Processing E02-01-p1 - Energy Marker...
[270/560] Processing E02-02-p1 - Energy Marker...
[271/560] Processing E02-03-p1 - Energy Marker...
[272/560] Processing E02-04-p1 - Energy Marker...
[273/560] Processing E03-01 - Energy Marker...
[274/560] Processing E03-02 - Energy Marker...
[275/560] Processing E03-03 - Energy Marker...
[276/560] Processing E03-04 - Energy Marker...
[277/560] Processing E03-05 - Energy Marker...
[278/560] Processing E03-01-p1 - Energy Marker...
[279/560] Processing E03-02-p1 - Energy Marker...
[280/560] Processing E03-03-p1 - Energy Marker...
[281/560] Processing E03-04-p1 - Energy Marker...
[282/560] Processing E03-05-p1 - Energy Marker...
[283/560] Processing E-01 - Energy Marker...
[284/560] Processing E-02 - Energy Marker...
[285/560] Processing E-03 - Energy Marker...
[286/560] Processing E-04 - Energy Marker...
[287/560] Processing E-05 - Energy Marker...
[288/560] Processing E-06 - Energy Marker...
[289/560] Processing E-07 - Energy Marker...
[290/560] Processing E-08 - Energy Marker...
[291/560] Processing E-09 - Energy Marker...
[292/560] Processing E-10 - Energy Marker...
[293/560] Processing E-11 - Energy Marker...
[294/560] Processing E-12 - Energy Marker...
[295/560] Processing E-13 - Energy Marker...
[296/560] Processing E-14 - Energy Marker...
[297/560] Processing E-15 - Energy Marker...
[298/560] Processing E-16 - Energy Marker...
[299/560] Processing E-17 - Energy Marker...
[300/560] Processing E-18 - Energy Marker...
[301/560] Processing E-19 - Energy Marker...
[302/560] Processing E-20 - Energy Marker...
[303/560] Processing E-21 - Energy Marker...
[304/560] Processing E-17-p1 - Energy Marker...
[305/560] Processing E-18-p1 - Energy Marker...
[306/560] Processing E-19-p1 - Energy Marker...
[307/560] Processing E-20-p1 - Energy Marker...
[308/560] Processing E-21-p1 - Energy Marker...
[309/560] Processing E-29 - Energy Marker...
[310/560] Processing FB03-135-p1 - New Legend...
[311/560] Processing FP-035 - Majin Kuu : DA/Majin Duu : DA...
[312/560] Processing FP-036 - Tamagami Number One : DA...
[313/560] Processing FB04-114-p2 - Trunks : GT...
[314/560] Processing FB01-089-p1 - Son Gohan : Childhood...
[315/560] Processing FB03-121-p2 - Bardock...
[316/560] Processing FS01-08-p2 - Son Goku...
[317/560] Processing FP-038 - Broly : BR...
[318/560] Processing FP-039 - Dr. Arinsu : DA...
[319/560] Processing FP-040 - King Piccolo...
[320/560] Processing FP-041 - Vegeta (Mini) : DA...
[321/560] Processing FP-041-p1 - Vegeta (Mini) : DA...
[322/560] Processing FP-042 - Android 17...
[323/560] Processing FP-043 - Son Goku (Mini) : DA...
[324/560] Processing FB05-007-p1 - Son Goku...
[325/560] Processing FB05-039-p1 - Vegeta...
[326/560] Processing FB05-048-p1 - See You!...
[327/560] Processing FB05-053-p2 - Son Goku...
[328/560] Processing FB05-071-p1 - Full Power!...
[329/560] Processing FB05-086-p1 - Majin Buu : Evil...
[330/560] Processing FB05-106-p1 - Bardock...
[331/560] Processing FB05-116-p1 - Soul Punisher...
[332/560] Processing FB05-039-p2 - Vegeta...
[333/560] Processing FB05-053-p3 - Son Goku...
[334/560] Processing FB05-086-p2 - Majin Buu : Evil...
[335/560] Processing FB05-116-p2 - Soul Punisher...
[336/560] Processing FB02-029-p1 - Rumsshi...
[337/560] Processing FB03-047-p1 - Vegeta...
[338/560] Processing FB04-042-p1 - Piccolo...
[339/560] Processing FB04-060-p1 - Son Gohan : Youth...
[340/560] Processing FB04-076-p1 - Artificial Full Moon...
[341/560] Processing FB04-085-p1 - Babidi...
[342/560] Processing FB04-095-p1 - Majin Buu : Kid...
[343/560] Processing FB04-117-p3 - Pan : GT...
[344/560] Processing FB04-123-p1 - Meta-Rilldo...
[345/560] Processing FS01-16-p2 - God Kamehameha...
[346/560] Processing FB02-029-p2 - Rumsshi...
[347/560] Processing FB03-047-p2 - Vegeta...
[348/560] Processing FB04-042-p2 - Piccolo...
[349/560] Processing FB04-060-p2 - Son Gohan : Youth...
[350/560] Processing FB04-076-p2 - Artificial Full Moon...
[351/560] Processing FB04-085-p2 - Babidi...
[352/560] Processing FB04-095-p2 - Majin Buu : Kid...
[353/560] Processing FB04-117-p4 - Pan : GT...
[354/560] Processing FB04-123-p2 - Meta-Rilldo...
[355/560] Processing FS01-16-p3 - God Kamehameha...
[356/560] Processing FB04-094-p2 - Majin Buu : Kid...
[357/560] Processing FB04-130-p2 - Vegito...
[358/560] Processing FB04-012-p2 - Son Goku (Mini) : DA...
[359/560] Processing FB05-080-p2 - Janemba...
[360/560] Processing FB05-030-p2 - Son Goku...
[361/560] Processing FB01-004-p3 - Whis...
[362/560] Processing FB01-007-p2 - Cabba...
[363/560] Processing FB01-078-p2 - Android 17/Android 18...
[364/560] Processing FB02-018-p2 - Son Gohan : Adolescence...
[365/560] Processing FB02-119-p2 - Son Goku...
[366/560] Processing FB03-125-p3 - Pan : GT...
[367/560] Processing FB03-127-p3 - Bulla : GT...
[368/560] Processing FB04-033-p2 - Gotenks...
[369/560] Processing FB04-068-p1 - Bulma...
[370/560] Processing FB04-104-p2 - Great Ape Baby...
[371/560] Processing FB05-074-p1 - Zarbon...
[372/560] Processing FS02-10-p3 - Videl...
[373/560] Processing FS02-15-p2 - Galick Gun...
[374/560] Processing FS03-16-p4 - Destructive Strength...
[375/560] Processing FS04-11-p3 - Frieza...
[376/560] Processing E-32 - Energy Marker...
[377/560] Processing FS08-02-p1 - Kadan : DA...
[378/560] Processing FS08-04-p1 - Glorio : DA...
[379/560] Processing FS08-07-p1 - Dende (Mini) : DA...
[380/560] Processing FS08-09-p1 - Panzy : DA...
[381/560] Processing FS08-10-p1 - Piccolo (Mini) : DA...
[382/560] Processing FS08-11-p1 - Bulma (Mini) : DA...
[383/560] Processing FS08-15-p1 - Results of Training...
[384/560] Processing FB01-007-p3 - Cabba...
[385/560] Processing FB01-008-p1 - Krillin...
[386/560] Processing FB01-016-p2 - Son Gohan : Adolescence...
[387/560] Processing FB01-037-p1 - Goku Black...
[388/560] Processing FB01-081-p1 - Android 18...
[389/560] Processing FB01-098-p1 - Yamcha...
[390/560] Processing FB01-108-p1 - Ginyu...
[391/560] Processing FB01-136-p1 - Supernova...
[392/560] Processing FS02-10-p4 - Videl...
[393/560] Processing FS04-09-p3 - Cheelai : BR...
[394/560] Processing FB02-029-p3 - Rumsshi...
[395/560] Processing FB02-040-p1 - Goku Black...
[396/560] Processing FB03-018-p1 - Beerus...
[397/560] Processing FB03-036-p1 - Son Goku...
[398/560] Processing FB03-066-p1 - Son Gohan : Youth...
[399/560] Processing FB03-071-p1 - Bulma...
[400/560] Processing FB03-084-p1 - Babidi...
[401/560] Processing FB03-094-p1 - Meta-Cooler Core...
[402/560] Processing FB03-132-p2 - Hercule : GT...
[403/560] Processing FS05-13-p2 - Frieza...
[404/560] Processing FB04-007-p1 - Shin...
[405/560] Processing FB04-042-p3 - Piccolo...
[406/560] Processing FB04-060-p3 - Son Gohan : Youth...
[407/560] Processing FB04-072-p1 - Raditz...
[408/560] Processing FB04-089-p1 - Vegeta...
[409/560] Processing FB04-092-p1 - Majin Buu : Evil...
[410/560] Processing FB04-112-p1 - Dr. Myuu...
[411/560] Processing FB04-125-p1 - General Rilldo...
[412/560] Processing FS06-05-p2 - Android 18 (Mini) : DA...
[413/560] Processing FS07-06-p2 - Bulma (Mini) : DA...
[414/560] Processing FB01-007-p4 - Cabba...
[415/560] Processing FB01-008-p2 - Krillin...
[416/560] Processing FB01-016-p3 - Son Gohan : Adolescence...
[417/560] Processing FB01-037-p2 - Goku Black...
[418/560] Processing FB01-081-p2 - Android 18...
[419/560] Processing FB01-098-p2 - Yamcha...
[420/560] Processing FB01-108-p2 - Ginyu...
[421/560] Processing FB01-136-p2 - Supernova...
[422/560] Processing FS02-10-p5 - Videl...
[423/560] Processing FS04-09-p4 - Cheelai : BR...
[424/560] Processing FB02-029-p4 - Rumsshi...
[425/560] Processing FB02-040-p2 - Goku Black...
[426/560] Processing FB03-018-p2 - Beerus...
[427/560] Processing FB03-036-p2 - Son Goku...
[428/560] Processing FB03-066-p2 - Son Gohan : Youth...
[429/560] Processing FB03-071-p2 - Bulma...
[430/560] Processing FB03-084-p2 - Babidi...
[431/560] Processing FB03-094-p2 - Meta-Cooler Core...
[432/560] Processing FB03-132-p3 - Hercule : GT...
[433/560] Processing FS05-13-p3 - Frieza...
[434/560] Processing FB04-007-p2 - Shin...
[435/560] Processing FB04-042-p4 - Piccolo...
[436/560] Processing FB04-060-p4 - Son Gohan : Youth...
[437/560] Processing FB04-072-p2 - Raditz...
[438/560] Processing FB04-089-p2 - Vegeta...
[439/560] Processing FB04-092-p2 - Majin Buu : Evil...
[440/560] Processing FB04-112-p2 - Dr. Myuu...
[441/560] Processing FB04-125-p2 - General Rilldo...
[442/560] Processing FS06-05-p3 - Android 18 (Mini) : DA...
[443/560] Processing FS07-06-p3 - Bulma (Mini) : DA...
[444/560] Processing FS09-01-p1 - Shallot...
[445/560] Processing FS09-02-p1 - Kinkanman...
[446/560] Processing FS09-03-p1 - Zahha...
[447/560] Processing FS09-04-p1 - Jaco...
[448/560] Processing FS09-05-p1 - Shallot...
[449/560] Processing FS09-06-p1 - Son Goku...
[450/560] Processing FS09-07-p1 - Son Goku...
[451/560] Processing FS09-08-p1 - Son Goku/Bardock...
[452/560] Processing FS09-09-p1 - Son Goku : Childhood...
[453/560] Processing FS09-10-p1 - Son Gohan : Childhood...
[454/560] Processing FS09-11-p1 - Trunks : Future...
[455/560] Processing FS09-12-p1 - Nappa...
[456/560] Processing FS09-13-p1 - Beerus...
[457/560] Processing FS09-14-p1 - Bulma...
[458/560] Processing FS09-15-p1 - Vegeta...
[459/560] Processing FS09-16-p1 - Vegito...
[460/560] Processing FS09-17-p1 - Burning Power of Instinct...
[461/560] Processing FS09-18-p1 - I'm gonna end you!...
[462/560] Processing FS10-01-p1 - Giblet...
[463/560] Processing FS10-02-p1 - Ginnanman...
[464/560] Processing FS10-03-p1 - Golden Frieza...
[465/560] Processing FS10-04-p1 - Goku Black...
[466/560] Processing FS10-05-p1 - Zamasu...
[467/560] Processing FS10-06-p1 - Giblet...
[468/560] Processing FS10-07-p1 - Janemba...
[469/560] Processing FS10-08-p1 - Shallet...
[470/560] Processing FS10-09-p1 - Super Baby 2...
[471/560] Processing FS10-10-p1 - Cell...
[472/560] Processing FS10-11-p1 - Turles...
[473/560] Processing FS10-12-p1 - Hit...
[474/560] Processing FS10-13-p1 - Frieza...
[475/560] Processing FS10-14-p1 - Broly : BR...
[476/560] Processing FS10-15-p1 - Majin Buu : Kid...
[477/560] Processing FS10-16-p1 - Raditz...
[478/560] Processing FS10-17-p1 - Saiyan Born of Fury and Hate...
[479/560] Processing FS10-18-p1 - Twisted Morality...
[480/560] Processing FP-044 - Vegeta...
[481/560] Processing FP-045 - Tien Shinhan...
[482/560] Processing FP-046 - Nappa...
[483/560] Processing FP-047 - Vegeta (Mini) : DA...
[484/560] Processing FP-048 - Piccolo Jr....
[485/560] Processing FP-044-p1 - Vegeta...
[486/560] Processing FP-045-p1 - Tien Shinhan...
[487/560] Processing FP-046-p1 - Nappa...
[488/560] Processing FP-047-p1 - Vegeta (Mini) : DA...
[489/560] Processing FP-048-p1 - Piccolo Jr....
[490/560] Processing FP-049 - Son Goku : Childhood...
[491/560] Processing FP-049-p1 - Son Goku : Childhood...
[492/560] Processing FB04-046-p3 - Vegito...
[493/560] Processing FB05-115-p2 - Ultimate Sparking...
[494/560] Processing FB06-067-p1 - Planet Vampa...
[495/560] Processing FB05-054-p2 - Son Gohan : Youth...
[496/560] Processing SB01-057-p2 - Bulma/Son Goku : Childhood...
[497/560] Processing FB02-063-p1 - Old Kai...
[498/560] Processing FB04-072-p4 - Raditz...
[499/560] Processing FB05-031-p1 - Son Goku...
[500/560] Processing FB05-099-p1 - Son Goku...
[501/560] Processing FB06-029-p2 - Jackie Chun...
[502/560] Processing FS04-11-p4 - Frieza...
[503/560] Processing SB01-053-p2 - Son Goku : Childhood...
[504/560] Processing FP-034-p2 - Son Goku...
[505/560] Processing FP-045-p2 - Tien Shinhan...
[506/560] Processing SB01-012-p1 - Cell...
[507/560] Processing FB06-097-p2 - Gogeta...
[508/560] Processing FB05-011-p1 - Neva : DA...
[509/560] Processing FB05-018-p1 - Vegeta (Mini) : DA...
[510/560] Processing FB05-041-p1 - Vegito...
[511/560] Processing FB05-062-p1 - Bulma...
[512/560] Processing FB05-083-p1 - Bio-Broly...
[513/560] Processing FB05-114-p1 - South Kai...
[514/560] Processing FB06-026-p2 - Announcer...
[515/560] Processing FB06-061-p1 - Broly : BR...
[516/560] Processing FB06-085-p2 - Marba : DA...
[517/560] Processing FB06-108-p2 - King Piccolo...
[518/560] Processing FB05-011-p2 - Neva : DA...
[519/560] Processing FB05-018-p2 - Vegeta (Mini) : DA...
[520/560] Processing FB05-041-p2 - Vegito...
[521/560] Processing FB05-062-p2 - Bulma...
[522/560] Processing FB05-083-p2 - Bio-Broly...
[523/560] Processing FB05-114-p2 - South Kai...
[524/560] Processing FB06-026-p3 - Announcer...
[525/560] Processing FB06-061-p2 - Broly : BR...
[526/560] Processing FB06-085-p3 - Marba : DA...
[527/560] Processing FB06-108-p3 - King Piccolo...
[528/560] Processing E-30 - Energy Marker...
[529/560] Processing E-31 - Energy Marker...
[530/560] Processing E-39 - Energy Marker...
[531/560] Processing E-40 - Energy Marker...
[532/560] Processing E-39-p1 - Energy Marker...
[533/560] Processing E-40-p1 - Energy Marker...
[534/560] Processing E-41 - Energy Marker...
[535/560] Processing E-33 - Energy Marker...
[536/560] Processing E-34 - Energy Marker...
[537/560] Processing E-35 - Energy Marker...
[538/560] Processing E-36 - Energy Marker...
[539/560] Processing E-37 - Energy Marker...
[540/560] Processing E-38 - Energy Marker...
[541/560] Processing E-63 - Energy Marker...
[542/560] Processing E-64 - Energy Marker...
[543/560] Processing E-65 - Energy Marker...
[544/560] Processing E-66 - Energy Marker...
[545/560] Processing E-67 - Energy Marker...
[546/560] Processing E-68 - Energy Marker...
[547/560] Processing E-33-p1 - Energy Marker...
[548/560] Processing E-34-p1 - Energy Marker...
[549/560] Processing E-35-p1 - Energy Marker...
[550/560] Processing E-36-p1 - Energy Marker...
[551/560] Processing E-37-p1 - Energy Marker...
[552/560] Processing E-38-p1 - Energy Marker...
[553/560] Processing E-63-p1 - Energy Marker...
[554/560] Processing E-64-p1 - Energy Marker...
[555/560] Processing E-65-p1 - Energy Marker...
[556/560] Processing E-66-p1 - Energy Marker...
[557/560] Processing E-67-p1 - Energy Marker...
[558/560] Processing E-68-p1 - Energy Marker...
[559/560] Processing E-69 - Energy Marker...
[560/560] Processing E-69-p1 - Energy Marker...

DBFW Full Sync Complete!
